Reading stdin
Read 25 transcripts in 80 lines in 1 files
  25 groups 7 seqs 1 sources 1 feature types
25 gene predictions
