vcfMajorVersion 4
vcfMinorVersion 0
genotypeCount 0
itemCount 15
chromsHit 1
passItemCount 0
passRatio 0
snpItemCount 2
snpRatio 0.133333
sumOfSizes 56
basesCovered 45
xBasesCovered 0
yBasesCovered 0
mBasesCovered 0
gotDepth 0
