Converted stdin, upper limit -0.51, lower limit -0.52
