file: wgEncodeHudsonalphaMethylSeqAlignmentsRep1Hct116.tagAlign.gz
cell: HCT-116
replicate: 1
data RESTRICTED UNTIL: 2010-01-06

file: wgEncodeHudsonalphaMethylSeqAlignmentsRep1Gm12878.tagAlign.gz
cell: GM12878
replicate: 1
data RESTRICTED UNTIL: 2010-01-06

