Converted stdin, upper limit -0.55, lower limit -0.55
