metadata project=wgEncode grant=Myers lab=Test dataType=ChipSeq cell=K562 antibody=FOXP2 setType=exp controlId=K562/Input view=Alignments replicate=1 dataVersion="post ENCODE June 2010 Freeze" subId=0 dateSubmitted=2010-07-30 dateUnrestricted=2011-04-30 composite=wgEncodeTestChipSeq parentTable=wgEncodeTestChipSeqK562Foxp2AlnRep1  fileName=wgEncodeTestChipSeqK562Foxp2AlnRep1.tagAlign.gz
metadata project=wgEncode grant=Myers lab=Test dataType=ChipSeq cell=K562 antibody=FOXP2 setType=exp controlId=K562/Input view=Signal dataVersion="post ENCODE June 2010 Freeze" subId=0 dateSubmitted=2010-07-30 dateUnrestricted=2011-04-30 composite=wgEncodeTestChipSeq tableName=wgEncodeTestChipSeqK562Foxp2Sig  fileName=wgEncodeTestChipSeqK562Foxp2Sig.wig.gz
metadata project=wgEncode grant=Myers lab=Test dataType=ChipSeq cell=K562 antibody=FOXP2 setType=exp controlId=K562/Input view=Peaks dataVersion="post ENCODE June 2010 Freeze" subId=0 dateSubmitted=2010-07-30 dateUnrestricted=2011-04-30 composite=wgEncodeTestChipSeq tableName=wgEncodeTestChipSeqK562Foxp2Pk  fileName=wgEncodeTestChipSeqK562Foxp2Pk.broadPeak.gz
metadata project=wgEncode grant=Myers lab=Test dataType=ChipSeq cell=K562 antibody=FOXP2 setType=exp controlId=K562/Input view=RawData replicate=1 dataVersion="post ENCODE June 2010 Freeze" subId=0 dateSubmitted=2010-07-30 dateUnrestricted=2011-04-30 composite=wgEncodeTestChipSeq parentTable=wgEncodeTestChipSeqK562Foxp2RawSignalRep1  fileName=wgEncodeTestChipSeqK562Foxp2RawDataRep1.fastq.gz
