file: wgEncodeTestChipSeqK562Foxp2AlnRep1.tagAlign.gz
cell: K562
antibody: FOXP2
replicate: 1
data RESTRICTED UNTIL: 2011-04-30

file: wgEncodeTestChipSeqK562Foxp2Sig.wig.gz
cell: K562
antibody: FOXP2
data RESTRICTED UNTIL: 2011-04-30

file: wgEncodeTestChipSeqK562Foxp2RawDataRep1.fastq.gz
cell: K562
antibody: FOXP2
replicate: 1
data RESTRICTED UNTIL: 2011-04-30

