Reading stdin
Loaded 1 elements of size 3
Sorted
Creating table definition for testTable
Saving bed.tab
No load option selected, see file: bed.tab
