Reading stdin
Loaded 10 elements of size 6
Sorted
Creating table definition for testTable
Saving bed.tab
No load option selected, see file: bed.tab
